../Core/Src/main.c:82:6:get_potVal	8	static
../Core/Src/main.c:91:6:Rotate_L	8	static
../Core/Src/main.c:96:6:Rotate_R	8	static
../Core/Src/main.c:101:6:stop	8	static
../Core/Src/main.c:116:6:HAL_TIM_IC_CaptureCallback	16	static
../Core/Src/main.c:128:5:main	16	static
../Core/Src/main.c:194:6:SystemClock_Config	88	static
../Core/Src/main.c:241:13:MX_ADC1_Init	24	static
../Core/Src/main.c:288:13:MX_TIM1_Init	96	static
../Core/Src/main.c:363:13:MX_TIM2_Init	56	static
../Core/Src/main.c:412:13:MX_GPIO_Init	40	static
../Core/Src/main.c:462:6:Error_Handler	4	static,ignoring_inline_asm
